
> bozsar_vr@0.0.0 build
> vite build

[36mvite v8.0.8 [32mbuilding client environment for production...[36m[39m
[2Ktransforming...✓ 11670 modules transformed.
rendering chunks...
[31m✗[39m Build failed in 3.42s
[31merror during build:
[31mBuild failed with 1 error:

[31m[MISSING_EXPORT] Error:[0m "CheckCircleOutline" is not exported by "node_modules/@mui/icons-material/index.mjs".
   [38;5;246m╭[0m[38;5;246m─[0m[38;5;246m[[0m src/components/Quality/Quality.jsx:3:10 [38;5;246m][0m
   [38;5;246m│[0m
 [38;5;246m3 │[0m [38;5;249mi[0m[38;5;249mm[0m[38;5;249mp[0m[38;5;249mo[0m[38;5;249mr[0m[38;5;249mt[0m[38;5;249m [0m[38;5;249m{[0m[38;5;249m [0mCheckCircleOutline[38;5;249m [0m[38;5;249ma[0m[38;5;249ms[0m[38;5;249m [0m[38;5;249mC[0m[38;5;249mh[0m[38;5;249me[0m[38;5;249mc[0m[38;5;249mk[0m[38;5;249mC[0m[38;5;249mi[0m[38;5;249mr[0m[38;5;249mc[0m[38;5;249ml[0m[38;5;249me[0m[38;5;249mO[0m[38;5;249mu[0m[38;5;249mt[0m[38;5;249ml[0m[38;5;249mi[0m[38;5;249mn[0m[38;5;249me[0m[38;5;249mI[0m[38;5;249mc[0m[38;5;249mo[0m[38;5;249mn[0m[38;5;249m [0m[38;5;249m}[0m[38;5;249m [0m[38;5;249mf[0m[38;5;249mr[0m[38;5;249mo[0m[38;5;249mm[0m[38;5;249m [0m[38;5;249m"[0m[38;5;249m@[0m[38;5;249mm[0m[38;5;249mu[0m[38;5;249mi[0m[38;5;249m/[0m[38;5;249mi[0m[38;5;249mc[0m[38;5;249mo[0m[38;5;249mn[0m[38;5;249ms[0m[38;5;249m-[0m[38;5;249mm[0m[38;5;249ma[0m[38;5;249mt[0m[38;5;249me[0m[38;5;249mr[0m[38;5;249mi[0m[38;5;249ma[0m[38;5;249ml[0m[38;5;249m"[0m[38;5;249m;[0m
 [38;5;240m  │[0m          ─────────┬────────  
 [38;5;240m  │[0m                   ╰────────── Missing export
[38;5;246m───╯[0m
[31m
    at aggregateBindingErrorsIntoJsError (file:///C:/Users/Bence/Desktop/work/bozsar_vr/node_modules/rolldown/dist/shared/error-w0u7biK-.mjs:48:18)
    at unwrapBindingResult (file:///C:/Users/Bence/Desktop/work/bozsar_vr/node_modules/rolldown/dist/shared/error-w0u7biK-.mjs:18:128)
    at #build (file:///C:/Users/Bence/Desktop/work/bozsar_vr/node_modules/rolldown/dist/shared/rolldown-build-DtGk-m96.mjs:3313:34)
    at async buildEnvironment (file:///C:/Users/Bence/Desktop/work/bozsar_vr/node_modules/vite/dist/node/chunks/node.js:32954:64)
    at async Object.build (file:///C:/Users/Bence/Desktop/work/bozsar_vr/node_modules/vite/dist/node/chunks/node.js:33376:19)
    at async Object.buildApp (file:///C:/Users/Bence/Desktop/work/bozsar_vr/node_modules/vite/dist/node/chunks/node.js:33373:153)
    at async CAC.<anonymous> (file:///C:/Users/Bence/Desktop/work/bozsar_vr/node_modules/vite/dist/node/cli.js:778:3) {
  errors: [Getter/Setter]
}[39m
